../Core/Src/main.c:147:5:main	8	static
../Core/Src/main.c:220:6:SystemClock_Config	96	static
../Core/Src/main.c:281:13:MX_RTC_Init	8	static
../Core/Src/main.c:317:13:MX_TIM6_Init	24	static
../Core/Src/main.c:355:13:MX_USART1_UART_Init	8	static
../Core/Src/main.c:390:13:MX_USART2_UART_Init	8	static
../Core/Src/main.c:423:13:MX_DMA_Init	16	static
../Core/Src/main.c:441:13:MX_GPIO_Init	40	static
../Core/Src/main.c:463:9:store_m138_dev_id	16	static
../Core/Src/main.c:472:9:store_m138_voltage	16	static
../Core/Src/main.c:481:9:store_m138_fix	24	static
../Core/Src/main.c:492:6:reset_m138_var	4	static
../Core/Src/main.c:524:9:swarm_cc	24	static
../Core/Src/main.c:596:6:m138_init	8	static
../Core/Src/main.c:624:6:green_toggle	8	static
../Core/Src/main.c:629:19:send_string_2_swarm_uart	16	static
../Core/Src/main.c:633:19:send_string_2_dbg_uart	16	static
../Core/Src/main.c:638:9:nmea_checksum	24	static
../Core/Src/main.c:649:6:tim_init	4	static
../Core/Src/main.c:653:6:tim_start	8	static
../Core/Src/main.c:658:6:HAL_TIM_PeriodElapsedCallback	16	static
../Core/Src/main.c:667:19:receive_swarm_uart_dma	16	static
../Core/Src/main.c:674:6:HAL_UARTEx_RxEventCallback	16	static
../Core/Src/main.c:688:6:Error_Handler	4	static,ignoring_inline_asm
