../Core/Src/main.c:149:5:main	8	static
../Core/Src/main.c:225:6:SystemClock_Config	96	static
../Core/Src/main.c:286:13:MX_RTC_Init	8	static
../Core/Src/main.c:322:13:MX_TIM6_Init	24	static
../Core/Src/main.c:360:13:MX_USART1_UART_Init	8	static
../Core/Src/main.c:395:13:MX_USART2_UART_Init	8	static
../Core/Src/main.c:428:13:MX_DMA_Init	16	static
../Core/Src/main.c:446:13:MX_GPIO_Init	40	static
../Core/Src/main.c:468:9:store_m138_dev_id	16	static
../Core/Src/main.c:477:9:store_m138_voltage	16	static
../Core/Src/main.c:486:9:store_m138_fix	24	static
../Core/Src/main.c:497:6:reset_m138_var	4	static
../Core/Src/main.c:502:9:swarm_cc	24	static,ignoring_inline_asm
../Core/Src/main.c:594:6:m138_init	8	static
../Core/Src/main.c:622:6:clean_swarm_uart_rx_buff	16	static
../Core/Src/main.c:629:6:toggle_green	8	static
../Core/Src/main.c:634:19:send_string_2_swarm_uart	16	static
../Core/Src/main.c:638:19:send_string_2_dbg_uart	16	static
../Core/Src/main.c:643:9:nmea_checksum	24	static
../Core/Src/main.c:654:6:tim_init	4	static
../Core/Src/main.c:658:6:tim_start	8	static
../Core/Src/main.c:663:6:HAL_TIM_PeriodElapsedCallback	16	static
../Core/Src/main.c:672:19:receive_swarm_uart_dma	16	static,ignoring_inline_asm
../Core/Src/main.c:702:6:HAL_UARTEx_RxEventCallback	16	static
../Core/Src/main.c:716:6:Error_Handler	4	static,ignoring_inline_asm
