../Core/Src/main.c:162:5:main	8	static
../Core/Src/main.c:238:6:SystemClock_Config	96	static
../Core/Src/main.c:299:13:MX_RTC_Init	8	static
../Core/Src/main.c:335:13:MX_TIM6_Init	24	static
../Core/Src/main.c:373:13:MX_USART1_UART_Init	8	static
../Core/Src/main.c:408:13:MX_USART2_UART_Init	8	static
../Core/Src/main.c:441:13:MX_DMA_Init	16	static
../Core/Src/main.c:459:13:MX_GPIO_Init	40	static
../Core/Src/main.c:481:9:store_m138_dev_id	16	static
../Core/Src/main.c:490:9:store_m138_voltage	16	static
../Core/Src/main.c:499:9:store_m138_fix	24	static
../Core/Src/main.c:510:6:reset_m138_var	4	static
../Core/Src/main.c:517:6:set_swarm_uart	16	static
../Core/Src/main.c:524:9:swarm_cc	32	static,ignoring_inline_asm
../Core/Src/main.c:572:9:m138_sleep	16	static
../Core/Src/main.c:584:9:m138_del_all_unsent	8	static
../Core/Src/main.c:591:9:m138_send_message	16	static
../Core/Src/main.c:605:9:m138_payload	8	static
../Core/Src/main.c:621:9:m138_init	8	static
../Core/Src/main.c:651:6:clean_swarm_uart_rx_buff	16	static
../Core/Src/main.c:658:6:toggle_green	8	static
../Core/Src/main.c:663:19:send_string_2_swarm_uart	16	static
../Core/Src/main.c:667:19:send_string_2_dbg_uart	16	static
../Core/Src/main.c:672:9:nmea_checksum	24	static
../Core/Src/main.c:683:6:tim_init	4	static
../Core/Src/main.c:687:6:tim_start	8	static
../Core/Src/main.c:692:6:HAL_TIM_PeriodElapsedCallback	16	static
../Core/Src/main.c:701:19:receive_swarm_uart_dma	16	static,ignoring_inline_asm
../Core/Src/main.c:731:6:HAL_UARTEx_RxEventCallback	16	static
../Core/Src/main.c:745:6:Error_Handler	4	static,ignoring_inline_asm
