../Core/Src/main.c:145:5:main	8	static
../Core/Src/main.c:219:6:SystemClock_Config	96	static
../Core/Src/main.c:280:13:MX_RTC_Init	8	static
../Core/Src/main.c:316:13:MX_TIM6_Init	24	static
../Core/Src/main.c:354:13:MX_USART1_UART_Init	8	static
../Core/Src/main.c:389:13:MX_USART2_UART_Init	8	static
../Core/Src/main.c:422:13:MX_DMA_Init	16	static
../Core/Src/main.c:440:13:MX_GPIO_Init	40	static
../Core/Src/main.c:462:9:store_m138_dev_id	16	static
../Core/Src/main.c:471:9:store_m138_voltage	16	static
../Core/Src/main.c:480:9:store_m138_fix	24	static
../Core/Src/main.c:492:9:swarm_cc	24	static
../Core/Src/main.c:526:6:m138_init	8	static
../Core/Src/main.c:554:6:tim_init	4	static
../Core/Src/main.c:558:6:tim_start	8	static
../Core/Src/main.c:563:6:green_toggle	8	static
../Core/Src/main.c:568:19:send_string_2_swarm_uart	16	static
../Core/Src/main.c:572:19:send_string_2_dbg_uart	16	static
../Core/Src/main.c:577:9:nmea_checksum	24	static
../Core/Src/main.c:588:6:HAL_TIM_PeriodElapsedCallback	16	static
../Core/Src/main.c:597:19:receive_swarm_uart_dma	16	static
../Core/Src/main.c:605:6:HAL_UARTEx_RxEventCallback	16	static
../Core/Src/main.c:619:6:Error_Handler	4	static,ignoring_inline_asm
