../Core/Src/main.c:162:5:main	8	static
../Core/Src/main.c:234:6:SystemClock_Config	96	static
../Core/Src/main.c:295:13:MX_RTC_Init	8	static
../Core/Src/main.c:331:13:MX_TIM6_Init	24	static
../Core/Src/main.c:369:13:MX_USART1_UART_Init	8	static
../Core/Src/main.c:404:13:MX_USART2_UART_Init	8	static
../Core/Src/main.c:437:13:MX_DMA_Init	16	static
../Core/Src/main.c:455:13:MX_GPIO_Init	40	static
../Core/Src/main.c:477:9:store_m138_dev_id	16	static
../Core/Src/main.c:486:9:store_m138_voltage	16	static
../Core/Src/main.c:495:9:store_m138_fix	24	static
../Core/Src/main.c:506:6:reset_m138_var	4	static
../Core/Src/main.c:513:6:set_swarm_uart	16	static
../Core/Src/main.c:520:9:swarm_cc	32	static,ignoring_inline_asm
../Core/Src/main.c:568:9:m138_sleep	16	static
../Core/Src/main.c:580:9:m138_del_all_unsent	8	static
../Core/Src/main.c:587:9:m138_send_message	16	static
../Core/Src/main.c:601:9:m138_payload	8	static
../Core/Src/main.c:617:9:m138_init	8	static
../Core/Src/main.c:647:6:clean_swarm_uart_rx_buff	16	static
../Core/Src/main.c:654:6:toggle_green	8	static
../Core/Src/main.c:659:19:send_string_2_swarm_uart	16	static
../Core/Src/main.c:663:19:send_string_2_dbg_uart	16	static
../Core/Src/main.c:668:9:nmea_checksum	24	static
../Core/Src/main.c:679:6:tim_init	4	static
../Core/Src/main.c:683:6:tim_start	8	static
../Core/Src/main.c:688:6:HAL_TIM_PeriodElapsedCallback	16	static
../Core/Src/main.c:697:19:receive_swarm_uart_dma	16	static,ignoring_inline_asm
../Core/Src/main.c:727:6:HAL_UARTEx_RxEventCallback	16	static
../Core/Src/main.c:741:6:Error_Handler	4	static,ignoring_inline_asm
