../Core/Src/main.c:158:5:main	8	static
../Core/Src/main.c:225:6:SystemClock_Config	96	static
../Core/Src/main.c:286:13:MX_RTC_Init	8	static
../Core/Src/main.c:322:13:MX_TIM6_Init	24	static
../Core/Src/main.c:360:13:MX_USART1_UART_Init	8	static
../Core/Src/main.c:395:13:MX_USART2_UART_Init	8	static
../Core/Src/main.c:428:13:MX_DMA_Init	16	static
../Core/Src/main.c:446:13:MX_GPIO_Init	40	static
../Core/Src/main.c:468:9:store_m138_dev_id	16	static
../Core/Src/main.c:477:9:store_m138_voltage	16	static
../Core/Src/main.c:486:9:store_m138_fix	24	static
../Core/Src/main.c:497:6:reset_m138_var	4	static
../Core/Src/main.c:504:6:set_swarm_uart	16	static
../Core/Src/main.c:511:9:swarm_cc	24	static
../Core/Src/main.c:557:9:m138_sleep	16	static
../Core/Src/main.c:568:9:m138_del_all_unsent	8	static
../Core/Src/main.c:575:9:m138_send_message	8	static
../Core/Src/main.c:582:9:m138_payload	8	static
../Core/Src/main.c:596:9:m138_init	8	static
../Core/Src/main.c:626:6:clean_swarm_uart_rx_buff	16	static
../Core/Src/main.c:633:6:toggle_green	8	static
../Core/Src/main.c:638:19:send_string_2_swarm_uart	16	static
../Core/Src/main.c:642:19:send_string_2_dbg_uart	16	static
../Core/Src/main.c:647:9:nmea_checksum	24	static
../Core/Src/main.c:658:6:tim_init	4	static
../Core/Src/main.c:662:6:tim_start	8	static
../Core/Src/main.c:667:6:HAL_TIM_PeriodElapsedCallback	16	static
../Core/Src/main.c:676:19:receive_swarm_uart_dma	16	static,ignoring_inline_asm
../Core/Src/main.c:706:6:HAL_UARTEx_RxEventCallback	16	static
../Core/Src/main.c:720:6:Error_Handler	4	static,ignoring_inline_asm
