../Core/Src/main.c:145:5:main	8	static
../Core/Src/main.c:218:6:SystemClock_Config	96	static
../Core/Src/main.c:279:13:MX_RTC_Init	8	static
../Core/Src/main.c:315:13:MX_TIM6_Init	24	static
../Core/Src/main.c:353:13:MX_USART1_UART_Init	8	static
../Core/Src/main.c:388:13:MX_USART2_UART_Init	8	static
../Core/Src/main.c:421:13:MX_DMA_Init	16	static
../Core/Src/main.c:439:13:MX_GPIO_Init	40	static
../Core/Src/main.c:461:9:store_m138_dev_id	16	static
../Core/Src/main.c:470:9:store_m138_voltage	16	static
../Core/Src/main.c:479:9:store_m138_fix	24	static
../Core/Src/main.c:491:9:swarm_cc	24	static
../Core/Src/main.c:525:6:m138_init	8	static
../Core/Src/main.c:553:6:tim_init	4	static
../Core/Src/main.c:557:6:tim_start	8	static
../Core/Src/main.c:562:6:green_toggle	8	static
../Core/Src/main.c:567:19:send_string_2_swarm_uart	16	static
../Core/Src/main.c:571:19:send_string_2_dbg_uart	16	static
../Core/Src/main.c:576:9:nmea_checksum	24	static
../Core/Src/main.c:587:6:HAL_TIM_PeriodElapsedCallback	16	static
../Core/Src/main.c:596:19:receive_swarm_uart_dma	16	static
../Core/Src/main.c:604:6:HAL_UARTEx_RxEventCallback	16	static
../Core/Src/main.c:618:6:Error_Handler	4	static,ignoring_inline_asm
